<area shape="rect" href="$wswd__main_8c.html#ef924c3fc395643d3a42c785b2de067f" title="print_prompt" alt="" coords="131,12,224,39">
<area shape="rect" href="$wswd__main_8c.html#ea16bd642ffa568df1da474205919d02" title="print_welcomeBanner" alt="" coords="105,63,249,90">
<area shape="rect" href="$wswd__main_8c.html#ca23bc1c92ce4b2f77c4e758f5e87251" title="what_shell_we_do" alt="" coords="115,114,240,140">
<area shape="rect" href="$wswd__main_8c.html#3caef1f2d3e235ecf9d9cf49cd3fc716" title="cleanup_struct" alt="" coords="304,12,411,39">
<area shape="rect" href="$wswd__main_8c.html#cfc149de733f35842731115ca7baa0ec" title="print_processes" alt="" coords="301,63,413,90">
<area shape="rect" href="$wswd__main_8c.html#7f12272c7fcff58ad54992628588969a" title="process_struct" alt="" coords="304,114,411,140">
<area shape="rect" href="$wswd_lexer_8c.html#aaa70f9a2f68c6d9fde7e18ed90c18c1" title="Create a new lexer called wswdLexer." alt="" coords="303,171,412,198">
<area shape="rect" href="$wswd_parser_8c.html#03d8aa22cfc459e01b60acb98a41501e" title="Create a new wswdParser parser and return a context for it." alt="" coords="300,234,415,260">
<area shape="rect" href="$wswd__main_8c.html#ce5476485db75cacbf836dab7cc8c071" title="print_struct" alt="" coords="493,6,579,32">
<area shape="rect" href="$wswd__main_8c.html#ffb287658ef8809a4c46adbec21153c2" title="close_all_pipes" alt="" coords="481,56,591,83">
<area shape="rect" href="$wswd__main_8c.html#7307bd764901aa799d54bc73261f1b92" title="do_exec" alt="" coords="501,107,571,134">
<area shape="rect" href="$wswd__main_8c.html#fdb8cc184098318aa9e897c3c074e24e" title="redirect" alt="" coords="504,158,568,184">
<area shape="rect" href="$wswd_lexer_8c.html#a2afea9198da784f9af750eb917d53cb" title="Create a new lexer called wswdLexer." alt="" coords="468,208,604,235">
<area shape="rect" href="$wswd_parser_8c.html#5c169f56fa9113d05afb50c921de8638" title="Create a new wswdParser parser and return a context for it." alt="" coords="464,259,608,286">
